// Jest Snapshot v1, https://goo.gl/fbAQLP

exports[`sortTweetsByTime utility returns all replies and quotes sorted in ascending order 1`] = `
Array [
  Object {
    "created_at": "Tue Oct 02 01:00:00 +0000 2012",
    "quotes": Array [
      Object {
        "created_at": "Wed Oct 03 02:00:00 +0000 2012",
        "quotes": Array [
          Object {
            "created_at": "Wed Oct 03 03:00:00 +0000 2012",
            "quotes": Array [
              Object {
                "created_at": "Thu Oct 04 04:00:00 +0000 2012",
                "quotes": Array [
                  Object {
                    "created_at": "Thu Oct 04 07:00:00 +0000 2012",
                  },
                  Object {
                    "created_at": "Thu Oct 04 06:00:00 +0000 2012",
                  },
                  Object {
                    "created_at": "Thu Oct 04 05:00:00 +0000 2012",
                  },
                ],
                "replies": Array [
                  Object {
                    "created_at": "Thu Oct 04 07:00:00 +0000 2012",
                  },
                  Object {
                    "created_at": "Thu Oct 04 08:00:00 +0000 2012",
                  },
                  Object {
                    "created_at": "Thu Oct 04 05:00:00 +0000 2012",
                  },
                ],
              },
            ],
            "replies": Array [
              Object {
                "created_at": "Fri Oct 05 01:00:00 +0000 2012",
                "quotes": Array [
                  Object {
                    "created_at": "Fri Oct 05 04:00:00 +0000 2012",
                  },
                  Object {
                    "created_at": "Fri Oct 05 02:00:00 +0000 2012",
                  },
                  Object {
                    "created_at": "Fri Oct 05 03:00:00 +0000 2012",
                  },
                ],
                "replies": Array [
                  Object {
                    "created_at": "Fri Oct 05 01:00:00 +0000 2012",
                  },
                  Object {
                    "created_at": "Fri Oct 05 02:00:00 +0000 2012",
                  },
                  Object {
                    "created_at": "Fri Oct 05 03:00:00 +0000 2012",
                  },
                ],
              },
            ],
          },
          Object {
            "created_at": "Fri Oct 05 01:00:00 +0000 2012",
          },
          Object {
            "created_at": "Fri Oct 05 02:00:00 +0000 2012",
          },
        ],
        "replies": Array [
          Object {
            "created_at": "Wed Oct 03 01:00:00 +0000 2012",
            "quotes": Array [
              Object {
                "created_at": "Thu Oct 04 02:00:00 +0000 2012",
                "quotes": Array [
                  Object {
                    "created_at": "Fri Oct 05 05:00:00 +0000 2012",
                  },
                  Object {
                    "created_at": "Fri Oct 05 03:00:00 +0000 2012",
                  },
                  Object {
                    "created_at": "Fri Oct 05 04:00:00 +0000 2012",
                  },
                ],
                "replies": Array [
                  Object {
                    "created_at": "Fri Oct 05 05:00:00 +0000 2012",
                  },
                  Object {
                    "created_at": "Fri Oct 05 03:00:00 +0000 2012",
                  },
                  Object {
                    "created_at": "Fri Oct 05 04:00:00 +0000 2012",
                  },
                ],
              },
            ],
            "replies": Array [
              Object {
                "created_at": "Wed Oct 03 05:00:00 +0000 2012",
                "quotes": Array [
                  Object {
                    "created_at": "Tue Oct 02 08:00:00 +0000 2012",
                  },
                  Object {
                    "created_at": "Tue Oct 02 07:00:00 +0000 2012",
                  },
                  Object {
                    "created_at": "Tue Oct 02 06:00:00 +0000 2012",
                  },
                ],
                "replies": Array [
                  Object {
                    "created_at": "Thu Oct 04 06:00:00 +0000 2012",
                  },
                  Object {
                    "created_at": "Thu Oct 04 08:00:00 +0000 2012",
                  },
                  Object {
                    "created_at": "Thu Oct 04 07:00:00 +0000 2012",
                  },
                ],
              },
            ],
          },
          Object {
            "created_at": "Wed Oct 03 09:00:00 +0000 2012",
          },
          Object {
            "created_at": "Wed Oct 03 10:00:00 +0000 2012",
          },
        ],
      },
      Object {
        "created_at": "Wed Oct 03 10:00:00 +0000 2012",
        "quotes": Array [
          Object {
            "created_at": "Wed Oct 03 11:00:00 +0000 2012",
          },
          Object {
            "created_at": "Wed Oct 03 13:00:00 +0000 2012",
          },
          Object {
            "created_at": "Wed Oct 03 12:00:00 +0000 2012",
          },
        ],
        "replies": Array [
          Object {
            "created_at": "Wed Oct 03 11:00:00 +0000 2012",
          },
          Object {
            "created_at": "Wed Oct 03 15:00:00 +0000 2012",
          },
          Object {
            "created_at": "Wed Oct 03 12:00:00 +0000 2012",
          },
        ],
      },
      Object {
        "created_at": "Thu Oct 04 15:00:00 +0000 2012",
        "quotes": Array [
          Object {
            "created_at": "Thu Oct 04 18:00:00 +0000 2012",
          },
          Object {
            "created_at": "Thu Oct 04 16:00:00 +0000 2012",
          },
          Object {
            "created_at": "Thu Oct 04 17:00:00 +0000 2012",
          },
        ],
        "replies": Array [
          Object {
            "created_at": "Thu Oct 04 18:00:00 +0000 2012",
          },
          Object {
            "created_at": "Thu Oct 04 16:00:00 +0000 2012",
          },
          Object {
            "created_at": "Thu Oct 04 17:00:00 +0000 2012",
          },
        ],
      },
    ],
    "replies": Array [
      Object {
        "created_at": "Tue Oct 02 15:00:00 +0000 2012",
        "quotes": Array [
          Object {
            "created_at": "Tue Oct 02 19:00:00 +0000 2012",
          },
          Object {
            "created_at": "Tue Oct 02 17:00:00 +0000 2012",
          },
          Object {
            "created_at": "Tue Oct 02 18:00:00 +0000 2012",
          },
        ],
        "replies": Array [
          Object {
            "created_at": "Tue Oct 02 19:00:00 +0000 2012",
          },
          Object {
            "created_at": "Tue Oct 02 16:00:00 +0000 2012",
          },
          Object {
            "created_at": "Tue Oct 02 17:00:00 +0000 2012",
          },
        ],
      },
      Object {
        "created_at": "Wed Oct 03 19:00:00 +0000 2012",
        "quotes": Array [
          Object {
            "created_at": "Wed Oct 03 23:00:00 +0000 2012",
          },
          Object {
            "created_at": "Wed Oct 03 21:00:00 +0000 2012",
          },
          Object {
            "created_at": "Wed Oct 03 22:00:00 +0000 2012",
          },
        ],
        "replies": Array [
          Object {
            "created_at": "Wed Oct 03 23:00:00 +0000 2012",
          },
          Object {
            "created_at": "Wed Oct 03 21:00:00 +0000 2012",
          },
          Object {
            "created_at": "Wed Oct 03 22:00:00 +0000 2012",
          },
        ],
      },
      Object {
        "created_at": "Wed Oct 03 20:00:00 +0000 2012",
        "quotes": Array [
          Object {
            "created_at": "Wed Oct 03 23:00:00 +0000 2012",
          },
          Object {
            "created_at": "Wed Oct 03 21:00:00 +0000 2012",
          },
          Object {
            "created_at": "Wed Oct 03 22:00:00 +0000 2012",
          },
        ],
        "replies": Array [
          Object {
            "created_at": "Wed Oct 03 23:00:00 +0000 2012",
          },
          Object {
            "created_at": "Wed Oct 03 22:00:00 +0000 2012",
          },
          Object {
            "created_at": "Wed Oct 03 21:00:00 +0000 2012",
          },
        ],
      },
    ],
  },
  Array [
    Object {
      "created_at": "Tue Oct 02 15:00:00 +0000 2012",
      "quotes": Array [
        Object {
          "created_at": "Tue Oct 02 19:00:00 +0000 2012",
        },
        Object {
          "created_at": "Tue Oct 02 17:00:00 +0000 2012",
        },
        Object {
          "created_at": "Tue Oct 02 18:00:00 +0000 2012",
        },
      ],
      "replies": Array [
        Object {
          "created_at": "Tue Oct 02 19:00:00 +0000 2012",
        },
        Object {
          "created_at": "Tue Oct 02 16:00:00 +0000 2012",
        },
        Object {
          "created_at": "Tue Oct 02 17:00:00 +0000 2012",
        },
      ],
    },
    Array [
      Object {
        "created_at": "Tue Oct 02 16:00:00 +0000 2012",
      },
    ],
    Array [
      Object {
        "created_at": "Tue Oct 02 17:00:00 +0000 2012",
      },
    ],
    Array [
      Object {
        "created_at": "Tue Oct 02 17:00:00 +0000 2012",
      },
    ],
    Array [
      Object {
        "created_at": "Tue Oct 02 18:00:00 +0000 2012",
      },
    ],
    Array [
      Object {
        "created_at": "Tue Oct 02 19:00:00 +0000 2012",
      },
    ],
    Array [
      Object {
        "created_at": "Tue Oct 02 19:00:00 +0000 2012",
      },
    ],
  ],
  Array [
    Object {
      "created_at": "Wed Oct 03 02:00:00 +0000 2012",
      "quotes": Array [
        Object {
          "created_at": "Wed Oct 03 03:00:00 +0000 2012",
          "quotes": Array [
            Object {
              "created_at": "Thu Oct 04 04:00:00 +0000 2012",
              "quotes": Array [
                Object {
                  "created_at": "Thu Oct 04 07:00:00 +0000 2012",
                },
                Object {
                  "created_at": "Thu Oct 04 06:00:00 +0000 2012",
                },
                Object {
                  "created_at": "Thu Oct 04 05:00:00 +0000 2012",
                },
              ],
              "replies": Array [
                Object {
                  "created_at": "Thu Oct 04 07:00:00 +0000 2012",
                },
                Object {
                  "created_at": "Thu Oct 04 08:00:00 +0000 2012",
                },
                Object {
                  "created_at": "Thu Oct 04 05:00:00 +0000 2012",
                },
              ],
            },
          ],
          "replies": Array [
            Object {
              "created_at": "Fri Oct 05 01:00:00 +0000 2012",
              "quotes": Array [
                Object {
                  "created_at": "Fri Oct 05 04:00:00 +0000 2012",
                },
                Object {
                  "created_at": "Fri Oct 05 02:00:00 +0000 2012",
                },
                Object {
                  "created_at": "Fri Oct 05 03:00:00 +0000 2012",
                },
              ],
              "replies": Array [
                Object {
                  "created_at": "Fri Oct 05 01:00:00 +0000 2012",
                },
                Object {
                  "created_at": "Fri Oct 05 02:00:00 +0000 2012",
                },
                Object {
                  "created_at": "Fri Oct 05 03:00:00 +0000 2012",
                },
              ],
            },
          ],
        },
        Object {
          "created_at": "Fri Oct 05 01:00:00 +0000 2012",
        },
        Object {
          "created_at": "Fri Oct 05 02:00:00 +0000 2012",
        },
      ],
      "replies": Array [
        Object {
          "created_at": "Wed Oct 03 01:00:00 +0000 2012",
          "quotes": Array [
            Object {
              "created_at": "Thu Oct 04 02:00:00 +0000 2012",
              "quotes": Array [
                Object {
                  "created_at": "Fri Oct 05 05:00:00 +0000 2012",
                },
                Object {
                  "created_at": "Fri Oct 05 03:00:00 +0000 2012",
                },
                Object {
                  "created_at": "Fri Oct 05 04:00:00 +0000 2012",
                },
              ],
              "replies": Array [
                Object {
                  "created_at": "Fri Oct 05 05:00:00 +0000 2012",
                },
                Object {
                  "created_at": "Fri Oct 05 03:00:00 +0000 2012",
                },
                Object {
                  "created_at": "Fri Oct 05 04:00:00 +0000 2012",
                },
              ],
            },
          ],
          "replies": Array [
            Object {
              "created_at": "Wed Oct 03 05:00:00 +0000 2012",
              "quotes": Array [
                Object {
                  "created_at": "Tue Oct 02 08:00:00 +0000 2012",
                },
                Object {
                  "created_at": "Tue Oct 02 07:00:00 +0000 2012",
                },
                Object {
                  "created_at": "Tue Oct 02 06:00:00 +0000 2012",
                },
              ],
              "replies": Array [
                Object {
                  "created_at": "Thu Oct 04 06:00:00 +0000 2012",
                },
                Object {
                  "created_at": "Thu Oct 04 08:00:00 +0000 2012",
                },
                Object {
                  "created_at": "Thu Oct 04 07:00:00 +0000 2012",
                },
              ],
            },
          ],
        },
        Object {
          "created_at": "Wed Oct 03 09:00:00 +0000 2012",
        },
        Object {
          "created_at": "Wed Oct 03 10:00:00 +0000 2012",
        },
      ],
    },
    Array [
      Object {
        "created_at": "Wed Oct 03 01:00:00 +0000 2012",
        "quotes": Array [
          Object {
            "created_at": "Thu Oct 04 02:00:00 +0000 2012",
            "quotes": Array [
              Object {
                "created_at": "Fri Oct 05 05:00:00 +0000 2012",
              },
              Object {
                "created_at": "Fri Oct 05 03:00:00 +0000 2012",
              },
              Object {
                "created_at": "Fri Oct 05 04:00:00 +0000 2012",
              },
            ],
            "replies": Array [
              Object {
                "created_at": "Fri Oct 05 05:00:00 +0000 2012",
              },
              Object {
                "created_at": "Fri Oct 05 03:00:00 +0000 2012",
              },
              Object {
                "created_at": "Fri Oct 05 04:00:00 +0000 2012",
              },
            ],
          },
        ],
        "replies": Array [
          Object {
            "created_at": "Wed Oct 03 05:00:00 +0000 2012",
            "quotes": Array [
              Object {
                "created_at": "Tue Oct 02 08:00:00 +0000 2012",
              },
              Object {
                "created_at": "Tue Oct 02 07:00:00 +0000 2012",
              },
              Object {
                "created_at": "Tue Oct 02 06:00:00 +0000 2012",
              },
            ],
            "replies": Array [
              Object {
                "created_at": "Thu Oct 04 06:00:00 +0000 2012",
              },
              Object {
                "created_at": "Thu Oct 04 08:00:00 +0000 2012",
              },
              Object {
                "created_at": "Thu Oct 04 07:00:00 +0000 2012",
              },
            ],
          },
        ],
      },
      Array [
        Object {
          "created_at": "Wed Oct 03 05:00:00 +0000 2012",
          "quotes": Array [
            Object {
              "created_at": "Tue Oct 02 08:00:00 +0000 2012",
            },
            Object {
              "created_at": "Tue Oct 02 07:00:00 +0000 2012",
            },
            Object {
              "created_at": "Tue Oct 02 06:00:00 +0000 2012",
            },
          ],
          "replies": Array [
            Object {
              "created_at": "Thu Oct 04 06:00:00 +0000 2012",
            },
            Object {
              "created_at": "Thu Oct 04 08:00:00 +0000 2012",
            },
            Object {
              "created_at": "Thu Oct 04 07:00:00 +0000 2012",
            },
          ],
        },
        Array [
          Object {
            "created_at": "Tue Oct 02 06:00:00 +0000 2012",
          },
        ],
        Array [
          Object {
            "created_at": "Tue Oct 02 07:00:00 +0000 2012",
          },
        ],
        Array [
          Object {
            "created_at": "Tue Oct 02 08:00:00 +0000 2012",
          },
        ],
        Array [
          Object {
            "created_at": "Thu Oct 04 06:00:00 +0000 2012",
          },
        ],
        Array [
          Object {
            "created_at": "Thu Oct 04 07:00:00 +0000 2012",
          },
        ],
        Array [
          Object {
            "created_at": "Thu Oct 04 08:00:00 +0000 2012",
          },
        ],
      ],
      Array [
        Object {
          "created_at": "Thu Oct 04 02:00:00 +0000 2012",
          "quotes": Array [
            Object {
              "created_at": "Fri Oct 05 05:00:00 +0000 2012",
            },
            Object {
              "created_at": "Fri Oct 05 03:00:00 +0000 2012",
            },
            Object {
              "created_at": "Fri Oct 05 04:00:00 +0000 2012",
            },
          ],
          "replies": Array [
            Object {
              "created_at": "Fri Oct 05 05:00:00 +0000 2012",
            },
            Object {
              "created_at": "Fri Oct 05 03:00:00 +0000 2012",
            },
            Object {
              "created_at": "Fri Oct 05 04:00:00 +0000 2012",
            },
          ],
        },
        Array [
          Object {
            "created_at": "Fri Oct 05 03:00:00 +0000 2012",
          },
        ],
        Array [
          Object {
            "created_at": "Fri Oct 05 03:00:00 +0000 2012",
          },
        ],
        Array [
          Object {
            "created_at": "Fri Oct 05 04:00:00 +0000 2012",
          },
        ],
        Array [
          Object {
            "created_at": "Fri Oct 05 04:00:00 +0000 2012",
          },
        ],
        Array [
          Object {
            "created_at": "Fri Oct 05 05:00:00 +0000 2012",
          },
        ],
        Array [
          Object {
            "created_at": "Fri Oct 05 05:00:00 +0000 2012",
          },
        ],
      ],
    ],
    Array [
      Object {
        "created_at": "Wed Oct 03 03:00:00 +0000 2012",
        "quotes": Array [
          Object {
            "created_at": "Thu Oct 04 04:00:00 +0000 2012",
            "quotes": Array [
              Object {
                "created_at": "Thu Oct 04 07:00:00 +0000 2012",
              },
              Object {
                "created_at": "Thu Oct 04 06:00:00 +0000 2012",
              },
              Object {
                "created_at": "Thu Oct 04 05:00:00 +0000 2012",
              },
            ],
            "replies": Array [
              Object {
                "created_at": "Thu Oct 04 07:00:00 +0000 2012",
              },
              Object {
                "created_at": "Thu Oct 04 08:00:00 +0000 2012",
              },
              Object {
                "created_at": "Thu Oct 04 05:00:00 +0000 2012",
              },
            ],
          },
        ],
        "replies": Array [
          Object {
            "created_at": "Fri Oct 05 01:00:00 +0000 2012",
            "quotes": Array [
              Object {
                "created_at": "Fri Oct 05 04:00:00 +0000 2012",
              },
              Object {
                "created_at": "Fri Oct 05 02:00:00 +0000 2012",
              },
              Object {
                "created_at": "Fri Oct 05 03:00:00 +0000 2012",
              },
            ],
            "replies": Array [
              Object {
                "created_at": "Fri Oct 05 01:00:00 +0000 2012",
              },
              Object {
                "created_at": "Fri Oct 05 02:00:00 +0000 2012",
              },
              Object {
                "created_at": "Fri Oct 05 03:00:00 +0000 2012",
              },
            ],
          },
        ],
      },
      Array [
        Object {
          "created_at": "Thu Oct 04 04:00:00 +0000 2012",
          "quotes": Array [
            Object {
              "created_at": "Thu Oct 04 07:00:00 +0000 2012",
            },
            Object {
              "created_at": "Thu Oct 04 06:00:00 +0000 2012",
            },
            Object {
              "created_at": "Thu Oct 04 05:00:00 +0000 2012",
            },
          ],
          "replies": Array [
            Object {
              "created_at": "Thu Oct 04 07:00:00 +0000 2012",
            },
            Object {
              "created_at": "Thu Oct 04 08:00:00 +0000 2012",
            },
            Object {
              "created_at": "Thu Oct 04 05:00:00 +0000 2012",
            },
          ],
        },
        Array [
          Object {
            "created_at": "Thu Oct 04 05:00:00 +0000 2012",
          },
        ],
        Array [
          Object {
            "created_at": "Thu Oct 04 05:00:00 +0000 2012",
          },
        ],
        Array [
          Object {
            "created_at": "Thu Oct 04 06:00:00 +0000 2012",
          },
        ],
        Array [
          Object {
            "created_at": "Thu Oct 04 07:00:00 +0000 2012",
          },
        ],
        Array [
          Object {
            "created_at": "Thu Oct 04 07:00:00 +0000 2012",
          },
        ],
        Array [
          Object {
            "created_at": "Thu Oct 04 08:00:00 +0000 2012",
          },
        ],
      ],
      Array [
        Object {
          "created_at": "Fri Oct 05 01:00:00 +0000 2012",
          "quotes": Array [
            Object {
              "created_at": "Fri Oct 05 04:00:00 +0000 2012",
            },
            Object {
              "created_at": "Fri Oct 05 02:00:00 +0000 2012",
            },
            Object {
              "created_at": "Fri Oct 05 03:00:00 +0000 2012",
            },
          ],
          "replies": Array [
            Object {
              "created_at": "Fri Oct 05 01:00:00 +0000 2012",
            },
            Object {
              "created_at": "Fri Oct 05 02:00:00 +0000 2012",
            },
            Object {
              "created_at": "Fri Oct 05 03:00:00 +0000 2012",
            },
          ],
        },
        Array [
          Object {
            "created_at": "Fri Oct 05 01:00:00 +0000 2012",
          },
        ],
        Array [
          Object {
            "created_at": "Fri Oct 05 02:00:00 +0000 2012",
          },
        ],
        Array [
          Object {
            "created_at": "Fri Oct 05 02:00:00 +0000 2012",
          },
        ],
        Array [
          Object {
            "created_at": "Fri Oct 05 03:00:00 +0000 2012",
          },
        ],
        Array [
          Object {
            "created_at": "Fri Oct 05 03:00:00 +0000 2012",
          },
        ],
        Array [
          Object {
            "created_at": "Fri Oct 05 04:00:00 +0000 2012",
          },
        ],
      ],
    ],
    Array [
      Object {
        "created_at": "Wed Oct 03 09:00:00 +0000 2012",
      },
    ],
    Array [
      Object {
        "created_at": "Wed Oct 03 10:00:00 +0000 2012",
      },
    ],
    Array [
      Object {
        "created_at": "Fri Oct 05 01:00:00 +0000 2012",
      },
    ],
    Array [
      Object {
        "created_at": "Fri Oct 05 02:00:00 +0000 2012",
      },
    ],
  ],
  Array [
    Object {
      "created_at": "Wed Oct 03 10:00:00 +0000 2012",
      "quotes": Array [
        Object {
          "created_at": "Wed Oct 03 11:00:00 +0000 2012",
        },
        Object {
          "created_at": "Wed Oct 03 13:00:00 +0000 2012",
        },
        Object {
          "created_at": "Wed Oct 03 12:00:00 +0000 2012",
        },
      ],
      "replies": Array [
        Object {
          "created_at": "Wed Oct 03 11:00:00 +0000 2012",
        },
        Object {
          "created_at": "Wed Oct 03 15:00:00 +0000 2012",
        },
        Object {
          "created_at": "Wed Oct 03 12:00:00 +0000 2012",
        },
      ],
    },
    Array [
      Object {
        "created_at": "Wed Oct 03 11:00:00 +0000 2012",
      },
    ],
    Array [
      Object {
        "created_at": "Wed Oct 03 11:00:00 +0000 2012",
      },
    ],
    Array [
      Object {
        "created_at": "Wed Oct 03 12:00:00 +0000 2012",
      },
    ],
    Array [
      Object {
        "created_at": "Wed Oct 03 12:00:00 +0000 2012",
      },
    ],
    Array [
      Object {
        "created_at": "Wed Oct 03 13:00:00 +0000 2012",
      },
    ],
    Array [
      Object {
        "created_at": "Wed Oct 03 15:00:00 +0000 2012",
      },
    ],
  ],
  Array [
    Object {
      "created_at": "Wed Oct 03 19:00:00 +0000 2012",
      "quotes": Array [
        Object {
          "created_at": "Wed Oct 03 23:00:00 +0000 2012",
        },
        Object {
          "created_at": "Wed Oct 03 21:00:00 +0000 2012",
        },
        Object {
          "created_at": "Wed Oct 03 22:00:00 +0000 2012",
        },
      ],
      "replies": Array [
        Object {
          "created_at": "Wed Oct 03 23:00:00 +0000 2012",
        },
        Object {
          "created_at": "Wed Oct 03 21:00:00 +0000 2012",
        },
        Object {
          "created_at": "Wed Oct 03 22:00:00 +0000 2012",
        },
      ],
    },
    Array [
      Object {
        "created_at": "Wed Oct 03 21:00:00 +0000 2012",
      },
    ],
    Array [
      Object {
        "created_at": "Wed Oct 03 21:00:00 +0000 2012",
      },
    ],
    Array [
      Object {
        "created_at": "Wed Oct 03 22:00:00 +0000 2012",
      },
    ],
    Array [
      Object {
        "created_at": "Wed Oct 03 22:00:00 +0000 2012",
      },
    ],
    Array [
      Object {
        "created_at": "Wed Oct 03 23:00:00 +0000 2012",
      },
    ],
    Array [
      Object {
        "created_at": "Wed Oct 03 23:00:00 +0000 2012",
      },
    ],
  ],
  Array [
    Object {
      "created_at": "Wed Oct 03 20:00:00 +0000 2012",
      "quotes": Array [
        Object {
          "created_at": "Wed Oct 03 23:00:00 +0000 2012",
        },
        Object {
          "created_at": "Wed Oct 03 21:00:00 +0000 2012",
        },
        Object {
          "created_at": "Wed Oct 03 22:00:00 +0000 2012",
        },
      ],
      "replies": Array [
        Object {
          "created_at": "Wed Oct 03 23:00:00 +0000 2012",
        },
        Object {
          "created_at": "Wed Oct 03 22:00:00 +0000 2012",
        },
        Object {
          "created_at": "Wed Oct 03 21:00:00 +0000 2012",
        },
      ],
    },
    Array [
      Object {
        "created_at": "Wed Oct 03 21:00:00 +0000 2012",
      },
    ],
    Array [
      Object {
        "created_at": "Wed Oct 03 21:00:00 +0000 2012",
      },
    ],
    Array [
      Object {
        "created_at": "Wed Oct 03 22:00:00 +0000 2012",
      },
    ],
    Array [
      Object {
        "created_at": "Wed Oct 03 22:00:00 +0000 2012",
      },
    ],
    Array [
      Object {
        "created_at": "Wed Oct 03 23:00:00 +0000 2012",
      },
    ],
    Array [
      Object {
        "created_at": "Wed Oct 03 23:00:00 +0000 2012",
      },
    ],
  ],
  Array [
    Object {
      "created_at": "Thu Oct 04 15:00:00 +0000 2012",
      "quotes": Array [
        Object {
          "created_at": "Thu Oct 04 18:00:00 +0000 2012",
        },
        Object {
          "created_at": "Thu Oct 04 16:00:00 +0000 2012",
        },
        Object {
          "created_at": "Thu Oct 04 17:00:00 +0000 2012",
        },
      ],
      "replies": Array [
        Object {
          "created_at": "Thu Oct 04 18:00:00 +0000 2012",
        },
        Object {
          "created_at": "Thu Oct 04 16:00:00 +0000 2012",
        },
        Object {
          "created_at": "Thu Oct 04 17:00:00 +0000 2012",
        },
      ],
    },
    Array [
      Object {
        "created_at": "Thu Oct 04 16:00:00 +0000 2012",
      },
    ],
    Array [
      Object {
        "created_at": "Thu Oct 04 16:00:00 +0000 2012",
      },
    ],
    Array [
      Object {
        "created_at": "Thu Oct 04 17:00:00 +0000 2012",
      },
    ],
    Array [
      Object {
        "created_at": "Thu Oct 04 17:00:00 +0000 2012",
      },
    ],
    Array [
      Object {
        "created_at": "Thu Oct 04 18:00:00 +0000 2012",
      },
    ],
    Array [
      Object {
        "created_at": "Thu Oct 04 18:00:00 +0000 2012",
      },
    ],
  ],
]
`;
